[RUN_DIR] /home/zhangw/UR5e_RoboTwin_Real/logs/pi05_batch_probe_20260909_01/runs/joint5_batch_probe_20260909_01_b8/20260909T082201877046Z
/home/zhangw/UR5e_RoboTwin_Real/.venv/openpi-assets/big_vision/paligemma_tokenizer.model
[RESOURCE] {"time_utc": "2026-09-09T08:22:39.151027+00:00", "elapsed_s": 31.5867798459999, "phase": "initial_parameter_audit", "step": 0, "gpus": [{"index": 0.0, "uuid": "GPU-fc2b57b6-ffd1-1ab3-6ea4-0292c178e5c4", "memory_total_mib": 49140.0, "memory_used_mib": 17301.0, "memory_free_mib": 31232.0, "utilization_pct": 19.0, "power_w": 87.83, "temperature_c": 64.0}], "host": {"total_bytes": 132312924160, "available_bytes": 106445729792, "used_bytes": 25867194368, "process_rss_bytes": 16162283520, "children_rss_sum_bytes": 0, "swap_used_bytes": 786432, "swap_free_bytes": 8589144064}, "errors": []}
[FREEZE] {"frozen": {"elements": 2923335408, "leaves": 32, "sha256": "7a9a4730f27af8f5d0c5bb6ba79e54139007ce52e97c7a53b558daebc5fa6a4d"}, "trainable": {"elements": 430098464, "leaves": 19, "sha256": "408c5bbfd4d3066167aeefa6e6ada38d997f7ae71154251fd3521d1de53b4951"}}
[RESOURCE] {"time_utc": "2026-09-09T08:23:10.062124+00:00", "elapsed_s": 62.497888129999865, "phase": "compile_and_first_step", "step": 0, "gpus": [{"index": 0.0, "uuid": "GPU-fc2b57b6-ffd1-1ab3-6ea4-0292c178e5c4", "memory_total_mib": 49140.0, "memory_used_mib": 17309.0, "memory_free_mib": 31224.0, "utilization_pct": 12.0, "power_w": 85.88, "temperature_c": 64.0}], "host": {"total_bytes": 132312924160, "available_bytes": 108405747712, "used_bytes": 23907176448, "process_rss_bytes": 14706475008, "children_rss_sum_bytes": 579514368, "swap_used_bytes": 786432, "swap_free_bytes": 8589144064}, "errors": []}
[TRAIN] {"time_utc": "2026-09-09T08:23:34.815111+00:00", "step": 1, "first_step_in_process": true, "compute_s": 31.93955537199963, "data_wait_s": 0.8805982439998843, "samples_per_s": 0.24375266775412274, "learning_rate": 2.499999936844688e-05, "batch_size": 8, "jax_memory": [{"bytes_in_use": 11305797632, "peak_bytes_in_use": 15448178176, "bytes_limit": 38167265280, "bytes_reserved": 0, "peak_bytes_reserved": 0, "device": "cuda:0"}], "grad_norm": 1.0041794776916504, "loss": 0.20336323976516724, "param_norm": 1802.38427734375}
[TRAIN] {"time_utc": "2026-09-09T08:23:37.303302+00:00", "step": 2, "first_step_in_process": false, "compute_s": 1.5764495879998321, "data_wait_s": 0.42986598000015874, "samples_per_s": 3.987408624843027, "learning_rate": 2.499999391147867e-05, "batch_size": 8, "jax_memory": [{"bytes_in_use": 11302225664, "peak_bytes_in_use": 15448178176, "bytes_limit": 38167265280, "bytes_reserved": 0, "peak_bytes_reserved": 0, "device": "cuda:0"}], "grad_norm": 0.5437573194503784, "loss": 0.15873998403549194, "param_norm": 1802.384765625}
[TRAIN] {"time_utc": "2026-09-09T08:23:39.533652+00:00", "step": 3, "first_step_in_process": false, "compute_s": 1.5665690740001992, "data_wait_s": 0.6597252700003082, "samples_per_s": 3.593415229014379, "learning_rate": 2.4999975721584633e-05, "batch_size": 8, "jax_memory": [{"bytes_in_use": 11305798400, "peak_bytes_in_use": 15448179968, "bytes_limit": 38167265280, "bytes_reserved": 0, "peak_bytes_reserved": 0, "device": "cuda:0"}], "grad_norm": 0.4822108745574951, "loss": 0.15063098073005676, "param_norm": 1802.385009765625}
[RESOURCE] {"time_utc": "2026-09-09T08:23:41.126995+00:00", "elapsed_s": 93.56274541099992, "phase": "final_parameter_audit", "step": 3, "gpus": [{"index": 0.0, "uuid": "GPU-fc2b57b6-ffd1-1ab3-6ea4-0292c178e5c4", "memory_total_mib": 49140.0, "memory_used_mib": 17323.0, "memory_free_mib": 31210.0, "utilization_pct": 10.0, "power_w": 99.58, "temperature_c": 68.0}], "host": {"total_bytes": 132312924160, "available_bytes": 115597611008, "used_bytes": 16715313152, "process_rss_bytes": 9119842304, "children_rss_sum_bytes": 0, "swap_used_bytes": 786432, "swap_free_bytes": 8589144064}, "errors": []}
[RESOURCE] {"time_utc": "2026-09-09T08:24:12.064143+00:00", "elapsed_s": 124.49989796199998, "phase": "final_parameter_audit", "step": 3, "gpus": [{"index": 0.0, "uuid": "GPU-fc2b57b6-ffd1-1ab3-6ea4-0292c178e5c4", "memory_total_mib": 49140.0, "memory_used_mib": 17301.0, "memory_free_mib": 31232.0, "utilization_pct": 8.0, "power_w": 88.34, "temperature_c": 65.0}], "host": {"total_bytes": 132312924160, "available_bytes": 106904264704, "used_bytes": 25408659456, "process_rss_bytes": 17779662848, "children_rss_sum_bytes": 0, "swap_used_bytes": 786432, "swap_free_bytes": 8589144064}, "errors": []}
[RESULT] {
  "step": 3,
  "metrics": {
    "grad_norm": 0.4822108745574951,
    "loss": 0.15063098073005676,
    "param_norm": 1802.385009765625
  },
  "before": {
    "frozen": {
      "elements": 2923335408,
      "leaves": 32,
      "sha256": "7a9a4730f27af8f5d0c5bb6ba79e54139007ce52e97c7a53b558daebc5fa6a4d"
    },
    "trainable": {
      "elements": 430098464,
      "leaves": 19,
      "sha256": "408c5bbfd4d3066167aeefa6e6ada38d997f7ae71154251fd3521d1de53b4951"
    }
  },
  "after": {
    "frozen": {
      "elements": 2923335408,
      "leaves": 32,
      "sha256": "7a9a4730f27af8f5d0c5bb6ba79e54139007ce52e97c7a53b558daebc5fa6a4d"
    },
    "trainable": {
      "elements": 430098464,
      "leaves": 19,
      "sha256": "3418621a8cb503a034b0069e7372a1724f548ab996644fc24e50a0d91112dca0"
    }
  },
  "frozen_unchanged": true,
  "trainable_changed": true,
  "checkpoint_reload": false,
  "optimizer_reload": false,
  "optimizer_sha256": "6dcaf7492efc42f9b1800066d1123249a639988be029d171a48876a0a69ddc4b",
  "elapsed_s": 128.7048927599999,
  "status": "benchmark_only",
  "log_dir": "/home/zhangw/UR5e_RoboTwin_Real/logs/pi05_batch_probe_20260909_01/runs/joint5_batch_probe_20260909_01_b8/20260909T082201877046Z",
  "batch_size": 8,
  "physical_execution": false,
  "measured_warm_steps": 2,
  "first_step_compile_and_compute_s": 31.93955537199963,
  "warm_step_median_s": 2.116304956000249,
  "warm_samples_per_s": 3.7801735413027395,
  "measurement_scope": "few_step_coarse_probe_not_convergence"
}
