[RUN_DIR] /home/zhangw/UR5e_RoboTwin_Real/logs/pi05_batch_probe_20260909_01/runs/joint5_batch_probe_20260909_01_b4/20260909T081938104242Z
/home/zhangw/UR5e_RoboTwin_Real/.venv/openpi-assets/big_vision/paligemma_tokenizer.model
[RESOURCE] {"time_utc": "2026-09-09T08:20:15.679277+00:00", "elapsed_s": 31.79467597599978, "phase": "initial_parameter_audit", "step": 0, "gpus": [{"index": 0.0, "uuid": "GPU-fc2b57b6-ffd1-1ab3-6ea4-0292c178e5c4", "memory_total_mib": 49140.0, "memory_used_mib": 17294.0, "memory_free_mib": 31239.0, "utilization_pct": 51.0, "power_w": 98.33, "temperature_c": 65.0}], "host": {"total_bytes": 132312924160, "available_bytes": 107741794304, "used_bytes": 24571129856, "process_rss_bytes": 14934376448, "children_rss_sum_bytes": 0, "swap_used_bytes": 786432, "swap_free_bytes": 8589144064}, "errors": []}
[FREEZE] {"frozen": {"elements": 2923335408, "leaves": 32, "sha256": "7a9a4730f27af8f5d0c5bb6ba79e54139007ce52e97c7a53b558daebc5fa6a4d"}, "trainable": {"elements": 430098464, "leaves": 19, "sha256": "408c5bbfd4d3066167aeefa6e6ada38d997f7ae71154251fd3521d1de53b4951"}}
[RESOURCE] {"time_utc": "2026-09-09T08:20:46.549301+00:00", "elapsed_s": 62.664709453999876, "phase": "compile_and_first_step", "step": 0, "gpus": [{"index": 0.0, "uuid": "GPU-fc2b57b6-ffd1-1ab3-6ea4-0292c178e5c4", "memory_total_mib": 49140.0, "memory_used_mib": 17291.0, "memory_free_mib": 31242.0, "utilization_pct": 12.0, "power_w": 85.36, "temperature_c": 65.0}], "host": {"total_bytes": 132312924160, "available_bytes": 108213235712, "used_bytes": 24099688448, "process_rss_bytes": 15994191872, "children_rss_sum_bytes": 0, "swap_used_bytes": 786432, "swap_free_bytes": 8589144064}, "errors": []}
[TRAIN] {"time_utc": "2026-09-09T08:21:15.304916+00:00", "step": 1, "first_step_in_process": true, "compute_s": 31.87707996800009, "data_wait_s": 0.5986450430000332, "samples_per_s": 0.12316892074449845, "learning_rate": 2.499999936844688e-05, "batch_size": 4, "jax_memory": [{"bytes_in_use": 11288487168, "peak_bytes_in_use": 14309743360, "bytes_limit": 38167265280, "bytes_reserved": 0, "peak_bytes_reserved": 0, "device": "cuda:0"}], "grad_norm": 1.2222325801849365, "loss": 0.20193034410476685, "param_norm": 1802.3843994140625}
[TRAIN] {"time_utc": "2026-09-09T08:21:16.961279+00:00", "step": 2, "first_step_in_process": false, "compute_s": 0.8573974360001557, "data_wait_s": 0.2469468300000699, "samples_per_s": 3.6220589205279423, "learning_rate": 2.499999391147867e-05, "batch_size": 4, "jax_memory": [{"bytes_in_use": 11286706688, "peak_bytes_in_use": 14309743360, "bytes_limit": 38167265280, "bytes_reserved": 0, "peak_bytes_reserved": 0, "device": "cuda:0"}], "grad_norm": 1.0998296737670898, "loss": 0.2549299895763397, "param_norm": 1802.384521484375}
[RESOURCE] {"time_utc": "2026-09-09T08:21:17.757934+00:00", "elapsed_s": 93.87333538999974, "phase": "train", "step": 2, "gpus": [{"index": 0.0, "uuid": "GPU-fc2b57b6-ffd1-1ab3-6ea4-0292c178e5c4", "memory_total_mib": 49140.0, "memory_used_mib": 17325.0, "memory_free_mib": 31209.0, "utilization_pct": 63.0, "power_w": 230.11, "temperature_c": 71.0}], "host": {"total_bytes": 132312924160, "available_bytes": 116523728896, "used_bytes": 15789195264, "process_rss_bytes": 8310730752, "children_rss_sum_bytes": 0, "swap_used_bytes": 786432, "swap_free_bytes": 8589144064}, "errors": []}
[TRAIN] {"time_utc": "2026-09-09T08:21:18.157494+00:00", "step": 3, "first_step_in_process": false, "compute_s": 0.8374872909998885, "data_wait_s": 0.3531831929999498, "samples_per_s": 3.3594517154424928, "learning_rate": 2.4999975721584633e-05, "batch_size": 4, "jax_memory": [{"bytes_in_use": 11288513280, "peak_bytes_in_use": 14309770496, "bytes_limit": 38167265280, "bytes_reserved": 0, "peak_bytes_reserved": 0, "device": "cuda:0"}], "grad_norm": 0.5215311646461487, "loss": 0.14413288235664368, "param_norm": 1802.384765625}
[RESOURCE] {"time_utc": "2026-09-09T08:21:49.525853+00:00", "elapsed_s": 125.64125278099982, "phase": "final_parameter_audit", "step": 3, "gpus": [{"index": 0.0, "uuid": "GPU-fc2b57b6-ffd1-1ab3-6ea4-0292c178e5c4", "memory_total_mib": 49140.0, "memory_used_mib": 17341.0, "memory_free_mib": 31193.0, "utilization_pct": 12.0, "power_w": 86.58, "temperature_c": 66.0}], "host": {"total_bytes": 132312924160, "available_bytes": 107204304896, "used_bytes": 25108619264, "process_rss_bytes": 17396277248, "children_rss_sum_bytes": 0, "swap_used_bytes": 786432, "swap_free_bytes": 8589144064}, "errors": []}
[RESULT] {
  "step": 3,
  "metrics": {
    "grad_norm": 0.5215311646461487,
    "loss": 0.14413288235664368,
    "param_norm": 1802.384765625
  },
  "before": {
    "frozen": {
      "elements": 2923335408,
      "leaves": 32,
      "sha256": "7a9a4730f27af8f5d0c5bb6ba79e54139007ce52e97c7a53b558daebc5fa6a4d"
    },
    "trainable": {
      "elements": 430098464,
      "leaves": 19,
      "sha256": "408c5bbfd4d3066167aeefa6e6ada38d997f7ae71154251fd3521d1de53b4951"
    }
  },
  "after": {
    "frozen": {
      "elements": 2923335408,
      "leaves": 32,
      "sha256": "7a9a4730f27af8f5d0c5bb6ba79e54139007ce52e97c7a53b558daebc5fa6a4d"
    },
    "trainable": {
      "elements": 430098464,
      "leaves": 19,
      "sha256": "85cd2ff1b1fd55fb82192553921cd5444c5a5e0b62d4e4173e91730602dd2a01"
    }
  },
  "frozen_unchanged": true,
  "trainable_changed": true,
  "checkpoint_reload": false,
  "optimizer_reload": false,
  "optimizer_sha256": "cb6c353cdb654bf727b418bddbc026d8ab0cf73e4300ed0adc2bbef7f7c6587d",
  "elapsed_s": 132.9458164560001,
  "status": "benchmark_only",
  "log_dir": "/home/zhangw/UR5e_RoboTwin_Real/logs/pi05_batch_probe_20260909_01/runs/joint5_batch_probe_20260909_01_b4/20260909T081938104242Z",
  "batch_size": 4,
  "physical_execution": false,
  "measured_warm_steps": 2,
  "first_step_compile_and_compute_s": 31.87707996800009,
  "warm_step_median_s": 1.147507375000032,
  "warm_samples_per_s": 3.485816376561317,
  "measurement_scope": "few_step_coarse_probe_not_convergence"
}
