[RUN_DIR] /home/zhangw/UR5e_RoboTwin_Real/logs/pi05_batch_probe_20260909_01/runs/joint5_batch_probe_20260909_01_b2/20260909T081606481988Z
/home/zhangw/UR5e_RoboTwin_Real/.venv/openpi-assets/big_vision/paligemma_tokenizer.model
[RESOURCE] {"time_utc": "2026-09-09T08:16:42.482700+00:00", "elapsed_s": 30.479331489999822, "phase": "initial_parameter_audit", "step": 0, "gpus": [{"index": 0.0, "uuid": "GPU-fc2b57b6-ffd1-1ab3-6ea4-0292c178e5c4", "memory_total_mib": 49140.0, "memory_used_mib": 17287.0, "memory_free_mib": 31246.0, "utilization_pct": 19.0, "power_w": 82.06, "temperature_c": 57.0}], "host": {"total_bytes": 132312924160, "available_bytes": 108185661440, "used_bytes": 24127262720, "process_rss_bytes": 15042449408, "children_rss_sum_bytes": 0, "swap_used_bytes": 0, "swap_free_bytes": 8589930496}, "errors": []}
[FREEZE] {"frozen": {"elements": 2923335408, "leaves": 32, "sha256": "7a9a4730f27af8f5d0c5bb6ba79e54139007ce52e97c7a53b558daebc5fa6a4d"}, "trainable": {"elements": 430098464, "leaves": 19, "sha256": "408c5bbfd4d3066167aeefa6e6ada38d997f7ae71154251fd3521d1de53b4951"}}
[RESOURCE] {"time_utc": "2026-09-09T08:17:13.732307+00:00", "elapsed_s": 61.731980253000074, "phase": "compile_and_first_step", "step": 0, "gpus": [{"index": 0.0, "uuid": "GPU-fc2b57b6-ffd1-1ab3-6ea4-0292c178e5c4", "memory_total_mib": 49140.0, "memory_used_mib": 17297.0, "memory_free_mib": 31236.0, "utilization_pct": 13.0, "power_w": 82.48, "temperature_c": 59.0}], "host": {"total_bytes": 132312924160, "available_bytes": 107734384640, "used_bytes": 24578539520, "process_rss_bytes": 15362998272, "children_rss_sum_bytes": 439320576, "swap_used_bytes": 0, "swap_free_bytes": 8589930496}, "errors": []}
[TRAIN] {"time_utc": "2026-09-09T08:17:35.572193+00:00", "step": 1, "first_step_in_process": true, "compute_s": 28.92193383899985, "data_wait_s": 0.49516704600000594, "samples_per_s": 0.06798766499182197, "learning_rate": 2.499999936844688e-05, "batch_size": 2, "jax_memory": [{"bytes_in_use": 11290208256, "peak_bytes_in_use": 13751726336, "bytes_limit": 38167265280, "bytes_reserved": 0, "peak_bytes_reserved": 0, "device": "cuda:0"}], "grad_norm": 1.7735568284988403, "loss": 0.2039799839258194, "param_norm": 1802.3843994140625}
[TRAIN] {"time_utc": "2026-09-09T08:17:37.390831+00:00", "step": 3, "first_step_in_process": false, "compute_s": 0.49883403600006204, "data_wait_s": 0.18455483199977607, "samples_per_s": 2.9265914234945862, "learning_rate": 2.4999975721584633e-05, "batch_size": 2, "jax_memory": [{"bytes_in_use": 11290208000, "peak_bytes_in_use": 13751727104, "bytes_limit": 38167265280, "bytes_reserved": 0, "peak_bytes_reserved": 0, "device": "cuda:0"}], "grad_norm": 1.0619088411331177, "loss": 0.20753823220729828, "param_norm": 1802.385009765625}
[RESOURCE] {"time_utc": "2026-09-09T08:17:44.795727+00:00", "elapsed_s": 92.79236355400008, "phase": "save_checkpoint", "step": 3, "gpus": [{"index": 0.0, "uuid": "GPU-fc2b57b6-ffd1-1ab3-6ea4-0292c178e5c4", "memory_total_mib": 49140.0, "memory_used_mib": 17337.0, "memory_free_mib": 31196.0, "utilization_pct": 14.0, "power_w": 85.15, "temperature_c": 62.0}], "host": {"total_bytes": 132312924160, "available_bytes": 96559984640, "used_bytes": 35752939520, "process_rss_bytes": 27236896768, "children_rss_sum_bytes": 0, "swap_used_bytes": 0, "swap_free_bytes": 8589930496}, "errors": []}
[SAVE] step=3 elapsed_s=11.884
/home/zhangw/UR5e_RoboTwin_Real/.venv/openpi-assets/big_vision/paligemma_tokenizer.model
[EVAL] {"step": 3, "scope": "teacher_forced_training_set_only", "physical_execution": false, "samples": 5, "valid_targets": 207, "padded_targets_excluded": 43, "joint_mae_rad": 0.08681678332110594, "gripper_mae": 0.3134816221094713, "gripper_accuracy": 0.714975845410628, "prefix_joint_mae_rad": 0.04934684794063718, "prefix_gripper_accuracy": 1.0, "elapsed_s": 13.143322979999994}
[RESOURCE] {"time_utc": "2026-09-09T08:18:15.341651+00:00", "elapsed_s": 123.33828262599991, "phase": "final_parameter_audit", "step": 3, "gpus": [{"index": 0.0, "uuid": "GPU-fc2b57b6-ffd1-1ab3-6ea4-0292c178e5c4", "memory_total_mib": 49140.0, "memory_used_mib": 17337.0, "memory_free_mib": 31196.0, "utilization_pct": 13.0, "power_w": 84.61, "temperature_c": 63.0}], "host": {"total_bytes": 132312924160, "available_bytes": 96124620800, "used_bytes": 36188303360, "process_rss_bytes": 28891082752, "children_rss_sum_bytes": 0, "swap_used_bytes": 786432, "swap_free_bytes": 8589144064}, "errors": []}
/home/zhangw/UR5e_RoboTwin_Real/.venv/pi05/lib/python3.11/site-packages/orbax/checkpoint/_src/serialization/type_handlers.py:1167: UserWarning: Couldn't find sharding info under RestoreArgs. Populating sharding info from sharding file. Please note restoration time will be slightly increased due to reading from file instead of directly from RestoreArgs. Note also that this option is unsafe when restoring on a different topology than the checkpoint was saved with.
  warnings.warn(
[RESOURCE] {"time_utc": "2026-09-09T08:18:45.474736+00:00", "elapsed_s": 153.47137459099986, "phase": "verify_checkpoint_reload", "step": 3, "gpus": [{"index": 0.0, "uuid": "GPU-fc2b57b6-ffd1-1ab3-6ea4-0292c178e5c4", "memory_total_mib": 49140.0, "memory_used_mib": 17342.0, "memory_free_mib": 31191.0, "utilization_pct": 12.0, "power_w": 85.89, "temperature_c": 64.0}], "host": {"total_bytes": 132312924160, "available_bytes": 109987184640, "used_bytes": 22325739520, "process_rss_bytes": 13479989248, "children_rss_sum_bytes": 0, "swap_used_bytes": 786432, "swap_free_bytes": 8589144064}, "errors": []}
/home/zhangw/UR5e_RoboTwin_Real/.venv/pi05/lib/python3.11/site-packages/orbax/checkpoint/_src/serialization/type_handlers.py:1167: UserWarning: Couldn't find sharding info under RestoreArgs. Populating sharding info from sharding file. Please note restoration time will be slightly increased due to reading from file instead of directly from RestoreArgs. Note also that this option is unsafe when restoring on a different topology than the checkpoint was saved with.
  warnings.warn(
[RESOURCE] {"time_utc": "2026-09-09T08:19:17.182637+00:00", "elapsed_s": 185.17928428899995, "phase": "verify_checkpoint_reload", "step": 3, "gpus": [{"index": 0.0, "uuid": "GPU-fc2b57b6-ffd1-1ab3-6ea4-0292c178e5c4", "memory_total_mib": 49140.0, "memory_used_mib": 17325.0, "memory_free_mib": 31208.0, "utilization_pct": 13.0, "power_w": 86.36, "temperature_c": 65.0}], "host": {"total_bytes": 132312924160, "available_bytes": 106914955264, "used_bytes": 25397968896, "process_rss_bytes": 16744923136, "children_rss_sum_bytes": 0, "swap_used_bytes": 786432, "swap_free_bytes": 8589144064}, "errors": []}
[RESULT] {
  "step": 3,
  "metrics": {
    "grad_norm": 1.0619088411331177,
    "loss": 0.20753823220729828,
    "param_norm": 1802.385009765625
  },
  "before": {
    "frozen": {
      "elements": 2923335408,
      "leaves": 32,
      "sha256": "7a9a4730f27af8f5d0c5bb6ba79e54139007ce52e97c7a53b558daebc5fa6a4d"
    },
    "trainable": {
      "elements": 430098464,
      "leaves": 19,
      "sha256": "408c5bbfd4d3066167aeefa6e6ada38d997f7ae71154251fd3521d1de53b4951"
    }
  },
  "after": {
    "frozen": {
      "elements": 2923335408,
      "leaves": 32,
      "sha256": "7a9a4730f27af8f5d0c5bb6ba79e54139007ce52e97c7a53b558daebc5fa6a4d"
    },
    "trainable": {
      "elements": 430098464,
      "leaves": 19,
      "sha256": "18f79421561daff0f7bf1a735d4cc0a732fc866dc91fa265013e9daa546058ca"
    }
  },
  "frozen_unchanged": true,
  "trainable_changed": true,
  "checkpoint_reload": true,
  "optimizer_reload": true,
  "optimizer_sha256": "e3fadf83ec168f67a0eca18747a3a5959c196c36d83c29cd1977366cf0936d28",
  "elapsed_s": 201.02593973000012,
  "status": "development_smoke_only",
  "log_dir": "/home/zhangw/UR5e_RoboTwin_Real/logs/pi05_batch_probe_20260909_01/runs/joint5_batch_probe_20260909_01_b2/20260909T081606481988Z",
  "batch_size": 2,
  "physical_execution": false,
  "measured_warm_steps": 2,
  "first_step_compile_and_compute_s": 28.92193383899985,
  "warm_step_median_s": 0.6699082530001306,
  "warm_samples_per_s": 2.9854834464916054,
  "measurement_scope": "training_invocation",
  "checkpoint": "/home/zhangw/UR5e_RoboTwin_Real/checkpoints/pi05/pi05_ur5e_joint_action_expert/joint5_batch_probe_20260909_01_b2/3"
}
